▲ Next.js 16.3.0 (Turbopack)
- Local:         http://localhost:3000
- Network:       http://172.30.213.250:3000
✓ Ready in 1407ms
✓ Running next.config.ts took 248ms

 GET / 200 in 1399ms (next.js: 781ms, application-code: 618ms)
 GET /dashboard 200 in 219ms (next.js: 140ms, application-code: 79ms)
 GET /sessions 200 in 142ms (next.js: 83ms, application-code: 59ms)
 GET / 200 in 74ms (next.js: 24ms, application-code: 50ms)
 GET /store/login 200 in 228ms (next.js: 152ms, application-code: 76ms)
 GET /sessions 200 in 87ms (next.js: 23ms, application-code: 64ms)
 GET /analytics 200 in 207ms (next.js: 147ms, application-code: 61ms)
 GET /audit-log 200 in 157ms (next.js: 94ms, application-code: 63ms)
 GET /analytics 200 in 75ms (next.js: 20ms, application-code: 56ms)
 GET /sessions 200 in 68ms (next.js: 18ms, application-code: 50ms)
 GET / 200 in 69ms (next.js: 18ms, application-code: 51ms)
 GET /store/login 200 in 72ms (next.js: 19ms, application-code: 52ms)
 GET /store 200 in 137ms (next.js: 88ms, application-code: 49ms)
 GET /store/login 200 in 87ms (next.js: 21ms, application-code: 66ms)
 GET / 200 in 60ms (next.js: 19ms, application-code: 41ms)
 GET /dashboard 200 in 82ms (next.js: 23ms, application-code: 58ms)
 GET /analytics 200 in 71ms (next.js: 17ms, application-code: 54ms)
 GET /audit-log 200 in 67ms (next.js: 16ms, application-code: 50ms)
 GET /analytics 200 in 77ms (next.js: 25ms, application-code: 52ms)
 GET / 200 in 64ms (next.js: 20ms, application-code: 43ms)
 GET /store/login 200 in 77ms (next.js: 20ms, application-code: 57ms)
 GET /store 200 in 98ms (next.js: 33ms, application-code: 65ms)
 GET /store/login 200 in 61ms (next.js: 14ms, application-code: 47ms)
 GET /store 200 in 58ms (next.js: 14ms, application-code: 43ms)
 GET /store/login 200 in 67ms (next.js: 21ms, application-code: 46ms)
 GET / 200 in 60ms (next.js: 17ms, application-code: 44ms)
 GET /analytics 200 in 58ms (next.js: 17ms, application-code: 40ms)
 GET /sessions 200 in 67ms (next.js: 23ms, application-code: 44ms)
 GET / 200 in 61ms (next.js: 21ms, application-code: 40ms)
 GET /store/login 200 in 72ms (next.js: 21ms, application-code: 52ms)
 GET /store 200 in 54ms (next.js: 16ms, application-code: 38ms)
 GET /store/product/p1 200 in 1134ms (next.js: 1034ms, application-code: 100ms)
 GET /store/checkout 200 in 177ms (next.js: 118ms, application-code: 58ms)
 GET /store/recovery 200 in 134ms (next.js: 77ms, application-code: 57ms)
 GET /store/success 200 in 144ms (next.js: 93ms, application-code: 51ms)
 GET /store 200 in 67ms (next.js: 22ms, application-code: 45ms)
 GET /store/login 200 in 83ms (next.js: 16ms, application-code: 67ms)
 GET / 200 in 53ms (next.js: 15ms, application-code: 38ms)
 GET /analytics 200 in 59ms (next.js: 16ms, application-code: 43ms)
 GET / 200 in 102ms (next.js: 42ms, application-code: 60ms)
 GET /store/login 200 in 122ms (next.js: 57ms, application-code: 65ms)
 GET /store 200 in 103ms (next.js: 57ms, application-code: 47ms)
 GET /store/cart 200 in 211ms (next.js: 155ms, application-code: 56ms)
 GET /store/checkout 200 in 112ms (next.js: 20ms, application-code: 92ms)
 GET /store/payment 200 in 187ms (next.js: 139ms, application-code: 48ms)
 GET /store/failed 200 in 3.0s (next.js: 2.9s, application-code: 99ms)
 GET /store/recovery 200 in 102ms (next.js: 52ms, application-code: 50ms)
 GET /store/success 200 in 89ms (next.js: 38ms, application-code: 51ms)
 GET /store 200 in 124ms (next.js: 63ms, application-code: 61ms)
 GET /store/login 200 in 107ms (next.js: 47ms, application-code: 60ms)
 GET / 200 in 76ms (next.js: 35ms, application-code: 41ms)
 GET /dashboard 200 in 86ms (next.js: 38ms, application-code: 48ms)
 GET /dashboard 200 in 672ms (next.js: 15ms, application-code: 657ms)
 GET / 200 in 68ms (next.js: 20ms, application-code: 48ms)
 GET /store/login 200 in 76ms (next.js: 19ms, application-code: 57ms)
 GET /store 200 in 52ms (next.js: 13ms, application-code: 38ms)
 GET /store/cart 200 in 81ms (next.js: 23ms, application-code: 58ms)
 GET /store/checkout 200 in 81ms (next.js: 29ms, application-code: 53ms)
 GET /store/payment 200 in 74ms (next.js: 26ms, application-code: 48ms)
 GET /store/success 200 in 70ms (next.js: 22ms, application-code: 48ms)
 GET /store/login 200 in 70ms (next.js: 18ms, application-code: 52ms)
 GET / 200 in 109ms (next.js: 61ms, application-code: 48ms)
 GET /dashboard 200 in 96ms (next.js: 50ms, application-code: 46ms)
 GET /dashboard 200 in 132ms (next.js: 21ms, application-code: 111ms)
 GET /analytics 200 in 355ms (next.js: 153ms, application-code: 202ms)
 GET /analytics 200 in 667ms (next.js: 62ms, application-code: 606ms)
 GET /dashboard 200 in 114ms (next.js: 33ms, application-code: 81ms)
 GET / 200 in 73ms (next.js: 12ms, application-code: 61ms)
 GET / 200 in 92ms (next.js: 13ms, application-code: 79ms)
 GET /store/login 200 in 60ms (next.js: 11ms, application-code: 49ms)
 GET /store/signup 200 in 245ms (next.js: 193ms, application-code: 52ms)
 GET /store 200 in 64ms (next.js: 17ms, application-code: 47ms)
 GET /store/cart 200 in 67ms (next.js: 14ms, application-code: 54ms)
 GET /store/checkout 200 in 76ms (next.js: 18ms, application-code: 59ms)
 GET /store/payment 200 in 65ms (next.js: 16ms, application-code: 48ms)
 GET /store/success 200 in 49ms (next.js: 11ms, application-code: 37ms)
 GET /store 200 in 30ms (next.js: 10ms, application-code: 20ms)
 GET /store/login 200 in 43ms (next.js: 12ms, application-code: 31ms)
 GET / 200 in 36ms (next.js: 11ms, application-code: 25ms)
 GET /admin/login 200 in 270ms (next.js: 230ms, application-code: 40ms)
 GET /dashboard 200 in 101ms (next.js: 79ms, application-code: 22ms)
 GET /dashboard 200 in 182ms (next.js: 8ms, application-code: 175ms)
 GET /admin/login 200 in 571ms (next.js: 41ms, application-code: 530ms)
 GET / 200 in 57ms (next.js: 18ms, application-code: 38ms)
 GET /admin/login 200 in 133ms (next.js: 17ms, application-code: 116ms)
 GET / 200 in 35ms (next.js: 10ms, application-code: 24ms)
 GET /store/login 200 in 144ms (next.js: 72ms, application-code: 72ms)
 GET /store 200 in 100ms (next.js: 41ms, application-code: 59ms)
 GET /store/cart 200 in 115ms (next.js: 57ms, application-code: 58ms)
 GET /store/checkout 200 in 141ms (next.js: 70ms, application-code: 71ms)
 GET /store/recovery 200 in 183ms (next.js: 48ms, application-code: 135ms)
 GET /store/success 200 in 105ms (next.js: 43ms, application-code: 62ms)
 GET /store 200 in 40ms (next.js: 12ms, application-code: 28ms)
 GET /store/cart 200 in 66ms (next.js: 15ms, application-code: 51ms)
 GET /store/checkout 200 in 61ms (next.js: 12ms, application-code: 49ms)
 GET /store/payment 200 in 72ms (next.js: 31ms, application-code: 41ms)
 GET /store/success 200 in 75ms (next.js: 14ms, application-code: 61ms)
 GET /store/login 200 in 41ms (next.js: 11ms, application-code: 30ms)
 GET / 200 in 43ms (next.js: 11ms, application-code: 31ms)
 GET /admin/login 200 in 73ms (next.js: 19ms, application-code: 54ms)
 GET /dashboard 200 in 45ms (next.js: 13ms, application-code: 32ms)
 GET /audit-log 200 in 178ms (next.js: 59ms, application-code: 118ms)
 GET /sessions 200 in 156ms (next.js: 46ms, application-code: 110ms)
 GET /dashboard 200 in 75ms (next.js: 20ms, application-code: 55ms)
 GET /sessions 200 in 177ms (next.js: 35ms, application-code: 143ms)
